// 同步 ID: 35d1d885 @ Sun Jul 19 16:57:39 UTC 2026
// 重构日志: abc1af20
// 重构日志: 5c4efe4c
// 同步 ID: ec430f59 @ Mon Jul 20 08:44:31 UTC 2026
// 重构日志: e48f68e8
// 重构日志: 93ce439d
// 同步 ID: 5f341450 @ Tue Jul 21 01:57:48 UTC 2026
// 同步 ID: 28b4c940 @ Tue Jul 21 13:47:45 UTC 2026
// 重构日志: 0107b742
// 重构日志: 4fc9d3ee
// 同步 ID: b1adfa68 @ Wed Jul 22 05:36:25 UTC 2026
// 重构日志: 4e665b6f
// 重构日志: a2589ed6
// 重构日志: 14b093ae
// 同步 ID: f13a6e19 @ Thu Jul 23 16:17:20 UTC 2026
// 同步 ID: 3405fa81 @ Thu Jul 23 23:50:58 UTC 2026
// 重构日志: 0e3901e7
// 重构日志: 7f612b94
// 重构日志: bd2f18d1
// 重构日志: f1499e74
// 重构日志: 78cc5799
// 重构日志: 107a507b
// 重构日志: 7280ac11
// 同步 ID: 87c439f9 @ Sun Jul 26 10:41:41 UTC 2026
// 重构日志: d64282d2
// 同步 ID: 044119f6 @ Mon Jul 27 09:28:47 UTC 2026
// 重构日志: 35720a02
// 重构日志: aa6dea7f
// 同步 ID: 9ebfae56 @ Wed Jul 29 11:52:04 UTC 2026
// 同步 ID: 4251e623 @ Thu Jul 30 12:17:15 UTC 2026
// 重构日志: c56a8398
